#
# There is insufficient memory for the Java Runtime Environment to continue.
# Native memory allocation (mmap) failed to map 264241152 bytes. Error detail: G1 virtual space
# Possible reasons:
#   The system is out of physical RAM or swap space
#   This process is running with CompressedOops enabled, and the Java Heap may be blocking the growth of the native heap
# Possible solutions:
#   Reduce memory load on the system
#   Increase physical memory or swap space
#   Check if swap backing store is full
#   Decrease Java heap size (-Xmx/-Xms)
#   Decrease number of Java threads
#   Decrease Java thread stack sizes (-Xss)
#   Set larger code cache with -XX:ReservedCodeCacheSize=
#   JVM is running with Zero Based Compressed Oops mode in which the Java heap is
#     placed in the first 32GB address space. The Java Heap base address is the
#     maximum limit for the native heap growth. Please use -XX:HeapBaseMinAddress
#     to set the Java Heap base and to place the Java Heap above 32GB virtual address.
# This output file may be truncated or incomplete.
#
#  Out of Memory Error (os_windows.cpp:3898), pid=5000, tid=16100
#
# JRE version:  (21.0.6+9) (build )
# Java VM: OpenJDK 64-Bit Server VM (21.0.6+9-b895.109, mixed mode, sharing, tiered, compressed oops, compressed class ptrs, g1 gc, windows-amd64)
# No core dump will be written. Minidumps are not enabled by default on client versions of Windows
#

---------------  S U M M A R Y ------------

Command Line: git4idea.http.GitAskPassApp Username for 'https://github.com': 

Host: 13th Gen Intel(R) Core(TM) i5-1335U, 12 cores, 15G,  Windows 11 , 64 bit Build 26100 (10.0.26100.4484)
Time: Fri Jul 18 18:03:05 2025  Windows 11 , 64 bit Build 26100 (10.0.26100.4484) elapsed time: 1.027334 seconds (0d 0h 0m 1s)

---------------  T H R E A D  ---------------

Current thread (0x0000015d31ca33e0):  JavaThread "Unknown thread" [_thread_in_vm, id=16100, stack(0x00000045db600000,0x00000045db700000) (1024K)]

Stack: [0x00000045db600000,0x00000045db700000]
Native frames: (J=compiled Java code, j=interpreted, Vv=VM code, C=native code)
V  [jvm.dll+0x6e5cb9]
V  [jvm.dll+0x8c4113]
V  [jvm.dll+0x8c666e]
V  [jvm.dll+0x8c6d53]
V  [jvm.dll+0x288f76]
V  [jvm.dll+0x6e2575]
V  [jvm.dll+0x6d602a]
V  [jvm.dll+0x3635db]
V  [jvm.dll+0x36b1a6]
V  [jvm.dll+0x3bd4f6]
V  [jvm.dll+0x3bd7c8]
V  [jvm.dll+0x335d2c]
V  [jvm.dll+0x336a1b]
V  [jvm.dll+0x88b569]
V  [jvm.dll+0x3ca6c8]
V  [jvm.dll+0x8745b8]
V  [jvm.dll+0x45f0de]
V  [jvm.dll+0x460dc1]
C  [jli.dll+0x52ab]
C  [ucrtbase.dll+0x37b0]
C  [KERNEL32.DLL+0x2e8d7]
C  [ntdll.dll+0x3c34c]


---------------  P R O C E S S  ---------------

Threads class SMR info:
_java_thread_list=0x00007ff8c9f8a148, length=0, elements={
}

Java Threads: ( => current thread )
Total: 0

Other Threads:
  0x0000015d33fd2830 WorkerThread "GC Thread#0"                     [id=16092, stack(0x00000045db700000,0x00000045db800000) (1024K)]
  0x0000015d33fe3480 ConcurrentGCThread "G1 Main Marker"            [id=18508, stack(0x00000045db800000,0x00000045db900000) (1024K)]
  0x0000015d33fe5a60 WorkerThread "G1 Conc#0"                       [id=14060, stack(0x00000045db900000,0x00000045dba00000) (1024K)]

[error occurred during error reporting (printing all threads), id 0xc0000005, EXCEPTION_ACCESS_VIOLATION (0xc0000005) at pc=0x00007ff8c9678e07]
VM state: not at safepoint (not fully initialized)

VM Mutex/Monitor currently owned by a thread:  ([mutex/lock_event])
[0x00007ff8c9ffeb30] Heap_lock - owner thread: 0x0000015d31ca33e0

Heap address: 0x0000000704000000, size: 4032 MB, Compressed Oops mode: Zero based, Oop shift amount: 3

CDS archive(s) mapped at: [0x0000000000000000-0x0000000000000000-0x0000000000000000), size 0, SharedBaseAddress: 0x0000000800000000, ArchiveRelocationMode: 1.
Narrow klass base: 0x0000000000000000, Narrow klass shift: 0, Narrow klass range: 0x0

GC Precious Log:
 CardTable entry size: 512
 Card Set container configuration: InlinePtr #cards 4 size 8 Array Of Cards #cards 16 size 48 Howl #buckets 8 coarsen threshold 3686 Howl Bitmap #cards 512 size 80 coarsen threshold 460 Card regions per heap region 1 cards per card region 4096

Heap:
 garbage-first heap   total 0K, used 0K [0x0000000704000000, 0x0000000800000000)
  region size 2048K, 0 young (0K), 0 survivors (0K)
 Metaspace       used 0K, committed 0K, reserved 0K
  class space    used 0K, committed 0K, reserved 0K

Heap Regions: E=young(eden), S=young(survivor), O=old, HS=humongous(starts), HC=humongous(continues), CS=collection set, F=free, TAMS=top-at-mark-start, PB=parsable bottom

Card table byte_map: [0x0000015d47cd0000,0x0000015d484b0000] _byte_map_base: 0x0000015d444b0000

Marking Bits: (CMBitMap*) 0x0000015d33fd2e40
 Bits: [0x0000015d484b0000, 0x0000015d4c3b0000)

GC Heap History (0 events):
No events

Dll operation events (1 events):
Event: 0.004 Loaded shared library C:\Program Files\JetBrains\IntelliJ IDEA 2025.1.1.1\jbr\bin\java.dll

Deoptimization events (0 events):
No events

Classes loaded (0 events):
No events

Classes unloaded (0 events):
No events

Classes redefined (0 events):
No events

Internal exceptions (0 events):
No events

ZGC Phase Switch (0 events):
No events

VM Operations (0 events):
No events

Memory protections (0 events):
No events

Nmethod flushes (0 events):
No events

Events (0 events):
No events


Dynamic libraries:
0x00007ff7ac2c0000 - 0x00007ff7ac2ca000 	C:\Program Files\JetBrains\IntelliJ IDEA 2025.1.1.1\jbr\bin\java.exe
0x00007ff930a00000 - 0x00007ff930c68000 	C:\WINDOWS\SYSTEM32\ntdll.dll
0x00007ff92f950000 - 0x00007ff92fa19000 	C:\WINDOWS\System32\KERNEL32.DLL
0x00007ff92e260000 - 0x00007ff92e64d000 	C:\WINDOWS\System32\KERNELBASE.dll
0x00007ff92df90000 - 0x00007ff92e0db000 	C:\WINDOWS\System32\ucrtbase.dll
0x00007ff92a660000 - 0x00007ff92a67b000 	C:\Program Files\JetBrains\IntelliJ IDEA 2025.1.1.1\jbr\bin\VCRUNTIME140.dll
0x00007ff904970000 - 0x00007ff904988000 	C:\Program Files\JetBrains\IntelliJ IDEA 2025.1.1.1\jbr\bin\jli.dll
0x00007ff92e7a0000 - 0x00007ff92e96c000 	C:\WINDOWS\System32\USER32.dll
0x00007ff92ded0000 - 0x00007ff92def7000 	C:\WINDOWS\System32\win32u.dll
0x00007ff91a0c0000 - 0x00007ff91a35a000 	C:\WINDOWS\WinSxS\amd64_microsoft.windows.common-controls_6595b64144ccf1df_6.0.26100.4484_none_3e0e6d4ce32ef3b3\COMCTL32.dll
0x00007ff930630000 - 0x00007ff93065b000 	C:\WINDOWS\System32\GDI32.dll
0x00007ff930690000 - 0x00007ff930739000 	C:\WINDOWS\System32\msvcrt.dll
0x00007ff92dc10000 - 0x00007ff92dd47000 	C:\WINDOWS\System32\gdi32full.dll
0x00007ff92e650000 - 0x00007ff92e6f3000 	C:\WINDOWS\System32\msvcp_win.dll
0x00007ff930740000 - 0x00007ff93076f000 	C:\WINDOWS\System32\IMM32.DLL
0x00007ff92a680000 - 0x00007ff92a68c000 	C:\Program Files\JetBrains\IntelliJ IDEA 2025.1.1.1\jbr\bin\vcruntime140_1.dll
0x00007ff8bc990000 - 0x00007ff8bca1d000 	C:\Program Files\JetBrains\IntelliJ IDEA 2025.1.1.1\jbr\bin\msvcp140.dll
0x00007ff8c9330000 - 0x00007ff8ca0f1000 	C:\Program Files\JetBrains\IntelliJ IDEA 2025.1.1.1\jbr\bin\server\jvm.dll
0x00007ff92e970000 - 0x00007ff92ea24000 	C:\WINDOWS\System32\ADVAPI32.dll
0x00007ff92ec60000 - 0x00007ff92ed06000 	C:\WINDOWS\System32\sechost.dll
0x00007ff92f150000 - 0x00007ff92f268000 	C:\WINDOWS\System32\RPCRT4.dll
0x00007ff930780000 - 0x00007ff9307f4000 	C:\WINDOWS\System32\WS2_32.dll
0x00007ff9232a0000 - 0x00007ff9232d5000 	C:\WINDOWS\SYSTEM32\WINMM.dll
0x00007ff92d990000 - 0x00007ff92d9ee000 	C:\WINDOWS\SYSTEM32\POWRPROF.dll
0x00007ff91b5a0000 - 0x00007ff91b5ab000 	C:\WINDOWS\SYSTEM32\VERSION.dll
0x00007ff92d970000 - 0x00007ff92d984000 	C:\WINDOWS\SYSTEM32\UMPDC.dll
0x00007ff92c8f0000 - 0x00007ff92c90b000 	C:\WINDOWS\SYSTEM32\kernel.appcore.dll
0x00007ff92a640000 - 0x00007ff92a64a000 	C:\Program Files\JetBrains\IntelliJ IDEA 2025.1.1.1\jbr\bin\jimage.dll
0x00007ff92b040000 - 0x00007ff92b281000 	C:\WINDOWS\SYSTEM32\DBGHELP.DLL
0x00007ff92ed30000 - 0x00007ff92f0b6000 	C:\WINDOWS\System32\combase.dll
0x00007ff930800000 - 0x00007ff9308e0000 	C:\WINDOWS\System32\OLEAUT32.dll
0x00007ff916440000 - 0x00007ff916483000 	C:\WINDOWS\SYSTEM32\dbgcore.DLL
0x00007ff92e700000 - 0x00007ff92e799000 	C:\WINDOWS\System32\bcryptPrimitives.dll
0x00007ff92a5e0000 - 0x00007ff92a600000 	C:\Program Files\JetBrains\IntelliJ IDEA 2025.1.1.1\jbr\bin\java.dll

dbghelp: loaded successfully - version: 4.0.5 - missing functions: none
symbol engine: initialized successfully - sym options: 0x614 - pdb path: .;C:\Program Files\JetBrains\IntelliJ IDEA 2025.1.1.1\jbr\bin;C:\WINDOWS\SYSTEM32;C:\WINDOWS\WinSxS\amd64_microsoft.windows.common-controls_6595b64144ccf1df_6.0.26100.4484_none_3e0e6d4ce32ef3b3;C:\Program Files\JetBrains\IntelliJ IDEA 2025.1.1.1\jbr\bin\server

VM Arguments:
java_command: git4idea.http.GitAskPassApp Username for 'https://github.com': 
java_class_path (initial): C:/Program Files/JetBrains/IntelliJ IDEA 2025.1.1.1/plugins/vcs-git/lib/git4idea-rt.jar;C:/Program Files/JetBrains/IntelliJ IDEA 2025.1.1.1/lib/externalProcess-rt.jar
Launcher Type: SUN_STANDARD

[Global flags]
     intx CICompilerCount                          = 4                                         {product} {ergonomic}
     uint ConcGCThreads                            = 3                                         {product} {ergonomic}
     uint G1ConcRefinementThreads                  = 10                                        {product} {ergonomic}
   size_t G1HeapRegionSize                         = 2097152                                   {product} {ergonomic}
    uintx GCDrainStackTargetSize                   = 64                                        {product} {ergonomic}
   size_t InitialHeapSize                          = 264241152                                 {product} {ergonomic}
   size_t MarkStackSize                            = 4194304                                   {product} {ergonomic}
   size_t MaxHeapSize                              = 4227858432                                {product} {ergonomic}
   size_t MinHeapDeltaBytes                        = 2097152                                   {product} {ergonomic}
   size_t MinHeapSize                              = 8388608                                   {product} {ergonomic}
    uintx NonNMethodCodeHeapSize                   = 5839372                                {pd product} {ergonomic}
    uintx NonProfiledCodeHeapSize                  = 122909434                              {pd product} {ergonomic}
    uintx ProfiledCodeHeapSize                     = 122909434                              {pd product} {ergonomic}
    uintx ReservedCodeCacheSize                    = 251658240                              {pd product} {ergonomic}
     bool SegmentedCodeCache                       = true                                      {product} {ergonomic}
   size_t SoftMaxHeapSize                          = 4227858432                             {manageable} {ergonomic}
     bool UseCompressedOops                        = true                           {product lp64_product} {ergonomic}
     bool UseG1GC                                  = true                                      {product} {ergonomic}
     bool UseLargePagesIndividualAllocation        = false                                  {pd product} {ergonomic}

Logging:
Log output configuration:
 #0: stdout all=warning uptime,level,tags foldmultilines=false
 #1: stderr all=off uptime,level,tags foldmultilines=false

Environment Variables:
JAVA_HOME=C:\Users\user\.jdks\ms-17.0.15
PATH=C:\Program Files\Git\mingw64\libexec\git-core;C:\Program Files\Git\mingw64\libexec\git-core;C:\Program Files\Git\mingw64\bin;C:\Program Files\Git\usr\bin;C:\Users\user\bin;C:\Users\user\Desktop\Toy\Toy_Project4\.venv\Scripts;C:\Users\user\.jdks\ms-17.0.15\bin;C:\app\user\product\21c\dbhomeXE\bin;C:\WINDOWS\system32;C:\WINDOWS;C:\WINDOWS\System32\Wbem;C:\WINDOWS\System32\WindowsPowerShell\v1.0;C:\WINDOWS\System32\OpenSSH;C:\Program Files\Git\cmd;C:\Users\user\AppData\Local\Programs\Python\Python313\Scripts;C:\Users\user\AppData\Local\Programs\Python\Python313;C:\Users\user\AppData\Local\Programs\Python\Launcher;C:\Dev\apache-maven-3.9.10\bin;C:\Users\user\AppData\Local\Programs\Microsoft VS Code\bin;C:\Users\user\AppData\Local\Programs\Python\Python313
USERNAME=user
DISPLAY=:0.0
LC_ALL=en_US.UTF-8
TERM=xterm-256color
TMPDIR=C:\Users\user\AppData\Local\Temp
OS=Windows_NT
PROCESSOR_IDENTIFIER=Intel64 Family 6 Model 186 Stepping 3, GenuineIntel
TMP=C:\Users\user\AppData\Local\Temp
TEMP=C:\Users\user\AppData\Local\Temp




Periodic native trim disabled

JNI global refs:
JNI global refs: 0, weak refs: 0

JNI global refs memory usage: 0, weak refs: 0

Process memory usage:
Resident Set Size: 13236K (0% of 16509416K total physical memory with 3749788K free physical memory)

OOME stack traces (most recent first):
Classloader memory used:

---------------  S Y S T E M  ---------------

OS:
 Windows 11 , 64 bit Build 26100 (10.0.26100.4484)
OS uptime: 0 days 10:08 hours

CPU: total 12 (initial active 12) (6 cores per cpu, 2 threads per core) family 6 model 186 stepping 3 microcode 0x410e, cx8, cmov, fxsr, ht, mmx, 3dnowpref, sse, sse2, sse3, ssse3, sse4.1, sse4.2, popcnt, lzcnt, tsc, tscinvbit, avx, avx2, aes, erms, clmul, bmi1, bmi2, adx, sha, fma, vzeroupper, clflush, clflushopt, clwb, serialize, rdtscp, rdpid, fsrm, f16c, pku, cet_ibt, cet_ss
Processor Information for the first 12 processors :
  Max Mhz: 1300, Current Mhz: 1300, Mhz Limit: 1300

Memory: 4k page, system-wide physical 16122M (3661M free)
TotalPageFile size 19122M (AvailPageFile size 136M)
current process WorkingSet (physical memory assigned to process): 12M, peak: 12M
current process commit charge ("private bytes"): 64M, peak: 316M

vm_info: OpenJDK 64-Bit Server VM (21.0.6+9-b895.109) for windows-amd64 JRE (21.0.6+9-b895.109), built on 2025-03-26 by "builduser" with MS VC++ 16.10 / 16.11 (VS2019)

END.
